000 (14881335.000.000) 03/08 11:44:13 Job submitted from host: <188.185.121.235:9618?addrs=188.185.121.235-9618+[2001-1458-d00-49--100-36e]-9618&alias=bigbird22.cern.ch&noUDP&sock=schedd_3538931_e389>
...
040 (14881335.000.000) 03/08 11:46:40 Started transferring input files
	Transferring to host: <188.185.238.10:9618?addrs=188.185.238.10-9618+[2001-1458-303-28--100-6]-9618&alias=b9pgpun002.cern.ch&noUDP&sock=slot1_1_1939520_0c0f_77835>
...
040 (14881335.000.000) 03/08 11:46:40 Finished transferring input files
...
001 (14881335.000.000) 03/08 11:46:41 Job executing on host: <188.185.238.10:9618?addrs=188.185.238.10-9618+[2001-1458-303-28--100-6]-9618&alias=b9pgpun002.cern.ch&noUDP&sock=startd_1939478_2ae8>
	SlotName: slot1_1@b9pgpun002.cern.ch
	AvailableGPUs = { GPUs_GPU_1164dceb }
	CondorScratchDir = "/pool/condor/dir_2985717"
	Cpus = 4
	Disk = 7191
	GPUs = 1
	GPUs_GPU_1164dceb = [ Id = "GPU-1164dceb"; ClockMhz = 1785.0; Capability = 9.0; CoresPerCU = 128; DeviceName = "NVIDIA H100 NVL"; DeviceUuid = "1164dceb-fef9-9731-e6b7-4c427dea8cb4"; ECCEnabled = true; ComputeUnits = 132; DriverVersion = 13.0; DevicePciBusId = "0000:3A:00.0"; GlobalMemoryMb = 95320; MaxSupportedVersion = 13000 ]
	Memory = 12000
...
006 (14881335.000.000) 03/08 11:46:55 Image size of job updated: 221796
	217  -  MemoryUsage of job (MB)
	221668  -  ResidentSetSize of job (KB)
...
006 (14881335.000.000) 03/08 11:47:43 Image size of job updated: 9173388
	217  -  MemoryUsage of job (MB)
	221668  -  ResidentSetSize of job (KB)
...
040 (14881335.000.000) 03/08 11:47:43 Started transferring output files
...
040 (14881335.000.000) 03/08 11:47:43 Finished transferring output files
...
005 (14881335.000.000) 03/08 11:47:43 Job terminated.
	(1) Normal termination (return value 1)
		Usr 0 00:00:45, Sys 0 00:00:06  -  Run Remote Usage
		Usr 0 00:00:00, Sys 0 00:00:00  -  Run Local Usage
		Usr 0 00:00:45, Sys 0 00:00:06  -  Total Remote Usage
		Usr 0 00:00:00, Sys 0 00:00:00  -  Total Local Usage
	19570  -  Run Bytes Sent By Job
	2950  -  Run Bytes Received By Job
	19570  -  Total Bytes Sent By Job
	2950  -  Total Bytes Received By Job
	Partitionable Resources :    Usage  Request Allocated Assigned
	   Cpus                 :        0        4         4 
	   Disk (KB)            :       50        3      7191 
	   GPUs                 :                 1         1 "GPU-1164dceb"
	   Memory (MB)          :      217    12000     12000 
	   TimeExecute (s)      :       62                    
	   TimeSlotBusy (s)     :       64                    

	Job terminated of its own accord at 2026-03-08T10:47:43Z with exit-code 1.
...
